============================= test session starts ==============================
platform linux -- Python 3.11.13, pytest-8.4.1, pluggy-1.6.0
rootdir: /home/coder66/Desktop/U4-A/CS336/llm-from-scratch-assignment-1
plugins: jaxtyping-0.3.2
collected 30 items / 5 errors / 29 deselected / 1 selected

==================================== ERRORS ====================================
______________________ ERROR collecting src/test_data.py _______________________
ImportError while importing test module '/home/coder66/Desktop/U4-A/CS336/llm-from-scratch-assignment-1/src/test_data.py'.
Hint: make sure your test modules/packages have valid Python names.
Traceback:
../../../../miniconda3/envs/llm_from_scratch_hw1/lib/python3.11/importlib/__init__.py:126: in import_module
    return _bootstrap._gcd_import(name[level:], package, level)
           ^^^^^^^^^^^^^^^^^^^^^^^^^^^^^^^^^^^^^^^^^^^^^^^^^^^^
src/test_data.py:7: in <module>
    from .adapters import run_get_batch
E   ModuleNotFoundError: No module named 'src.adapters'
____________________ ERROR collecting src/test_nn_utils.py _____________________
ImportError while importing test module '/home/coder66/Desktop/U4-A/CS336/llm-from-scratch-assignment-1/src/test_nn_utils.py'.
Hint: make sure your test modules/packages have valid Python names.
Traceback:
../../../../miniconda3/envs/llm_from_scratch_hw1/lib/python3.11/importlib/__init__.py:126: in import_module
    return _bootstrap._gcd_import(name[level:], package, level)
           ^^^^^^^^^^^^^^^^^^^^^^^^^^^^^^^^^^^^^^^^^^^^^^^^^^^^
src/test_nn_utils.py:5: in <module>
    from .adapters import run_cross_entropy, run_gradient_clipping, run_softmax
E   ModuleNotFoundError: No module named 'src.adapters'
____________________ ERROR collecting src/test_optimizer.py ____________________
ImportError while importing test module '/home/coder66/Desktop/U4-A/CS336/llm-from-scratch-assignment-1/src/test_optimizer.py'.
Hint: make sure your test modules/packages have valid Python names.
Traceback:
../../../../miniconda3/envs/llm_from_scratch_hw1/lib/python3.11/importlib/__init__.py:126: in import_module
    return _bootstrap._gcd_import(name[level:], package, level)
           ^^^^^^^^^^^^^^^^^^^^^^^^^^^^^^^^^^^^^^^^^^^^^^^^^^^^
src/test_optimizer.py:4: in <module>
    from .adapters import get_adamw_cls, run_get_lr_cosine_schedule
E   ModuleNotFoundError: No module named 'src.adapters'
__________________ ERROR collecting src/test_serialization.py __________________
ImportError while importing test module '/home/coder66/Desktop/U4-A/CS336/llm-from-scratch-assignment-1/src/test_serialization.py'.
Hint: make sure your test modules/packages have valid Python names.
Traceback:
../../../../miniconda3/envs/llm_from_scratch_hw1/lib/python3.11/importlib/__init__.py:126: in import_module
    return _bootstrap._gcd_import(name[level:], package, level)
           ^^^^^^^^^^^^^^^^^^^^^^^^^^^^^^^^^^^^^^^^^^^^^^^^^^^^
src/test_serialization.py:6: in <module>
    from .adapters import get_adamw_cls, run_load_checkpoint, run_save_checkpoint
E   ModuleNotFoundError: No module named 'src.adapters'
____________________ ERROR collecting src/test_train_bpe.py ____________________
ImportError while importing test module '/home/coder66/Desktop/U4-A/CS336/llm-from-scratch-assignment-1/src/test_train_bpe.py'.
Hint: make sure your test modules/packages have valid Python names.
Traceback:
../../../../miniconda3/envs/llm_from_scratch_hw1/lib/python3.11/importlib/__init__.py:126: in import_module
    return _bootstrap._gcd_import(name[level:], package, level)
           ^^^^^^^^^^^^^^^^^^^^^^^^^^^^^^^^^^^^^^^^^^^^^^^^^^^^
src/test_train_bpe.py:4: in <module>
    from .adapters import run_train_bpe
E   ModuleNotFoundError: No module named 'src.adapters'
=========================== short test summary info ============================
ERROR src/test_data.py
ERROR src/test_nn_utils.py
ERROR src/test_optimizer.py
ERROR src/test_serialization.py
ERROR src/test_train_bpe.py
!!!!!!!!!!!!!!!!!!! Interrupted: 5 errors during collection !!!!!!!!!!!!!!!!!!!!
======================= 29 deselected, 5 errors in 1.41s =======================
